Godot Engine v4.7.stable.arch_linux.5b4e0cb0f (2026-06-17 18:46:02 UTC) - https://godotengine.org

Sentry: DEBUG: starting Sentry SDK version 2.1.1+d288ad9
Sentry: DEBUG: Automatic initialization is disabled in the project settings.
Sentry: DEBUG: Automatic initialization is disabled because no DSN was provided. Tip: You can obtain a DSN from Sentry's dashboard and add it in the project settings.
Sentry: INFO: Automatic initialization is disabled! Operations with Sentry SDK will result in no-ops.
== SOM-IDLE F2 test runner ==
[3.096][Config] Loading file: res://data/conf/settings.cfg
[4.231][Launcher] Entering new FSM state: LOGIN_SCREEN
Opened database successfully (/home/thiago/Thiago/Projetos/shambleta/sourceofmana-audit/.test-home/data/Shambleta/testing.db)
[4.374][Discord] Discord bot disabled
[4.375][File] Loading file: res://data/conf/email_password_reset.html
[4.375][EmailService] Not configured: missing API key
[4.375][Server] Peer connected: 1 with Offline
== boot wait done (waited 750 ms) ==
[suite] XP curve
[suite] zone catalog
[suite] formatter
[suite] settle golden
[suite] settle idempotency
[suite] settle chaos (poisoned transaction)
ERROR:  --> SQL error: no such table: nonexistent_table_xyz
   at: prepare_statement (src/gdsqlite.cpp:259)
   GDScript backtrace (most recent call first):
       [0] <anonymous lambda> (res://tests/IdleTests.gd:283)
       [1] Transaction (res://sources/sql/SQL.gd:438)
       [2] SuiteSettleChaos (res://tests/IdleTests.gd:280)
       [3] SuiteDBBacked (res://tests/IdleTests.gd:323)
       [4] _run_tests (res://tests/run_idle_tests.gd:77)
[suite] ledger append-only triggers
ERROR:  --> SQL error: ledger_transaction is append-only (UPDATE denied)
   at: execute_statement (src/gdsqlite.cpp:374)
   GDScript backtrace (most recent call first):
       [0] ExecuteBindings (res://sources/sql/SQL.gd:977)
       [1] SuiteLedgerTriggers (res://tests/IdleTests.gd:300)
       [2] SuiteDBBacked (res://tests/IdleTests.gd:324)
       [3] _run_tests (res://tests/run_idle_tests.gd:77)
ERROR:  --> SQL error: ledger_transaction is append-only (DELETE denied)
   at: execute_statement (src/gdsqlite.cpp:374)
   GDScript backtrace (most recent call first):
       [0] ExecuteBindings (res://sources/sql/SQL.gd:977)
       [1] SuiteLedgerTriggers (res://tests/IdleTests.gd:302)
       [2] SuiteDBBacked (res://tests/IdleTests.gd:324)
       [3] _run_tests (res://tests/run_idle_tests.gd:77)
[suite] reconcile
== fixture stat after suites: level 21, xp 99748, gp 293906 ==
[suite] item tiers (F3)
[suite] farm spawn table (F3)
[suite] boss service (pure)
[suite] VIP settle mods (F3)
[suite] power leaderboard (F3)
[suite] formation slots (F3)
[suite] trade (F4)
[5.500][Economy] Trade 3 -> 4 executed (1/0 stacks, fee 10 gems)
[suite] chests (F4)
[suite] VIP checkout (F4)
[suite] economy shop (beta GUI)
[suite] Item lots (B1)
[5.572][Economy] Trade 6 -> 7 executed (1/0 stacks, fee 10 gems)
[suite] Chest odds (B2)
[suite] Progression wipe (B3)
[suite] Grant queue (C1)
[suite] Telemetry (D2)
[5.693][Economy] Season 1 settled automatically: 4 prize grants
[5.693][Economy] Season lifecycle: closed 0, settled 1
[suite] Fraud v1 (D3)
[5.734][Economy] Trade 13 -> 14 executed (1/0 stacks, fee 10 gems)
[5.735][Economy] Trade 13 -> 14 executed (1/0 stacks, fee 10 gems)
[5.736][Economy] Trade 13 -> 14 executed (1/0 stacks, fee 10 gems)
[5.737][Economy] Trade 13 -> 14 executed (1/0 stacks, fee 10 gems)
[5.738][Economy] Trade 13 -> 14 executed (1/0 stacks, fee 10 gems)
[5.740][Economy] Trade 13 -> 14 executed (1/0 stacks, fee 10 gems)
[5.741][Economy] Trade 13 -> 14 executed (1/0 stacks, fee 10 gems)
[5.742][Economy] Trade 13 -> 14 executed (1/0 stacks, fee 10 gems)
[5.743][Economy] Trade 13 -> 14 executed (1/0 stacks, fee 10 gems)
[5.744][Economy] Trade 13 -> 14 executed (1/0 stacks, fee 10 gems)
[5.745][Economy] Trade 13 -> 14 executed (1/0 stacks, fee 10 gems)
[5.746][Economy] Trade 13 -> 14 executed (1/0 stacks, fee 10 gems)
[5.748][Economy] Trade 13 -> 14 executed (1/0 stacks, fee 10 gems)
[5.749][Economy] Trade 13 -> 14 executed (1/0 stacks, fee 10 gems)
[5.750][Economy] Trade 13 -> 14 executed (1/0 stacks, fee 10 gems)
[5.752][Economy] Trade 13 -> 14 executed (1/0 stacks, fee 10 gems)
[5.753][Economy] Trade 13 -> 14 executed (1/0 stacks, fee 10 gems)
[5.754][Economy] Trade 13 -> 14 executed (1/0 stacks, fee 10 gems)
[5.755][Economy] Trade 13 -> 14 executed (1/0 stacks, fee 10 gems)
[5.756][Economy] Trade 13 -> 14 executed (1/0 stacks, fee 10 gems)
[suite] Guilds (E1)
ERROR:  --> SQL error: UNIQUE constraint failed: guild.name
   at: execute_statement (src/gdsqlite.cpp:374)
   GDScript backtrace (most recent call first):
       [0] <anonymous lambda> (res://sources/economy/EconomyService.gd:788)
       [1] Transaction (res://sources/sql/SQL.gd:438)
       [2] CreateGuild (res://sources/economy/EconomyService.gd:784)
       [3] SuiteGuilds (res://tests/IdleTests.gd:1453)
       [4] _run_tests (res://tests/run_idle_tests.gd:110)
[suite] Auction house + seasons (E2)
[suite] season auto-payout (3b)
[5.952][Economy] Season 4 settled automatically: 7 prize grants
[5.960][Economy] Season 2 settled automatically: 7 prize grants
[5.966][Economy] Season 3 settled automatically: 7 prize grants
[5.973][Economy] Season 5 settled automatically: 7 prize grants
ERROR:  --> SQL error: near "%": syntax error
   at: prepare_statement (src/gdsqlite.cpp:259)
   GDScript backtrace (most recent call first):
       [0] ExecuteBindings (res://sources/sql/SQL.gd:977)
       [1] SuiteSeasonPayout (res://tests/IdleTests.gd:1648)
       [2] _run_tests (res://tests/run_idle_tests.gd:112)
[suite] i18n pt-BR scaffold
[suite] Auth hardening (A1)
[suite] lgpd consent + right-to-erasure
[suite] CDC refund (art.49)
[suite] Ops hardening (A2)
[6.392][SQL] Offsite backup pushed + verified: user://a2_offsite_test/a2_restore_probe.db
[suite] idle policy sim (zone 1, 3 x 600s game-time @ timeScale 20)
[6.402][Idle] Player IdleTester is now farming zone 1 on instance 1001
SIM RUN 0: { "run": 0, "kills": 271, "kills_per_hour": 406.485885906744, "deaths": 0, "efficiency": 1.0, "gold_gained": 48000, "levels_gained": 0, &"seek_ticks": 858, &"combat_ticks": 8741, &"loot_ticks": 0, &"no_target_ticks": 0, &"attacks_cast": 337, &"walk_distance": 73079.9421348572, &"secs_per_kill": 8.85639606396054, &"attacks_per_kill": 1.24354243542435 }
[126.788][Idle] Player IdleTester is now farming zone 1 on instance 1001
SIM RUN 1: { "run": 1, "kills": 281, "kills_per_hour": 421.543910824049, "deaths": 0, "efficiency": 1.0, "gold_gained": 46650, "levels_gained": 0, &"seek_ticks": 792, &"combat_ticks": 8805, &"loot_ticks": 0, &"no_target_ticks": 0, &"attacks_cast": 327, &"walk_distance": 104459.480369568, &"secs_per_kill": 8.54003558718852, &"attacks_per_kill": 1.16370106761566 }
[246.879][Idle] Player IdleTester is now farming zone 1 on instance 1001
SIM RUN 2: { "run": 2, "kills": 62, "kills_per_hour": 92.9967709454543, "deaths": 0, "efficiency": 1.0, "gold_gained": 10950, "levels_gained": 0, &"seek_ticks": 204, &"combat_ticks": 9395, &"loot_ticks": 0, &"no_target_ticks": 0, &"attacks_cast": 83, &"walk_distance": 313724.089172363, &"secs_per_kill": 38.7110215053759, &"attacks_per_kill": 1.33870967741935 }
SIM SNAPSHOT (compressed-scale, non-binding): avg 307 kills/h vs design par 150/h (+104.7%)
[suite] faucet harness (D1)
HARNESS: 12 settles in 0.0s (120 settles/s)
[suite] Onboarding (auto-farm)
[367.038][Idle] Onboarding: character 26 auto-farming zone 1
[367.038][Idle] Player IdleTester is now farming zone 1 on instance 1001
[367.038][Idle] Player IdleTester is now farming zone 1 on instance 1001
[367.039][Idle] Character 26 power below zone 40 gate — resuming in zone 1
[367.039][Idle] Player IdleTester is now farming zone 1 on instance 1001
[suite] boss ladder (DB + challenge)
[387.116][Idle] Player IdleTester is now farming zone 1 on instance 1001
[suite] idle policy real-time pacing probe (D1)
[387.397][Idle] Player IdleTester is now farming zone 1 on instance 1001
MATCHUP player L1 atk 13 def 7 dodge 0.016 hp 112 | skill 229218829 atk+1 range 0
MATCHUP instance mobs: 60
MATCHUP census Salt Slime L1 x60 hp 102 def 5
SAMPLE t=20s kills=1 state=2 casting=true cooling=false actionBusy=true mana=56/56 stamina=56/56 dist=9 attackable=true tgtAlive=true
SAMPLE t=40s kills=2 state=2 casting=true cooling=false actionBusy=true mana=56/56 stamina=56/56 dist=9 attackable=true tgtAlive=true
SAMPLE t=60s kills=3 state=2 casting=false cooling=false actionBusy=false mana=56/56 stamina=56/56 dist=10 attackable=true tgtAlive=true
SAMPLE t=80s kills=3 state=2 casting=false cooling=false actionBusy=false mana=56/56 stamina=56/56 dist=78 attackable=false tgtAlive=true
SAMPLE t=100s kills=3 state=2 casting=false cooling=false actionBusy=false mana=56/56 stamina=56/56 dist=66 attackable=false tgtAlive=true
SAMPLE t=120s kills=3 state=2 casting=false cooling=false actionBusy=false mana=56/56 stamina=56/56 dist=41 attackable=true tgtAlive=true
SAMPLE t=140s kills=3 state=2 casting=false cooling=false actionBusy=false mana=56/56 stamina=56/56 dist=21 attackable=true tgtAlive=true
SAMPLE t=160s kills=3 state=2 casting=false cooling=false actionBusy=false mana=56/56 stamina=56/56 dist=113 attackable=false tgtAlive=true
SAMPLE t=180s kills=3 state=2 casting=false cooling=false actionBusy=false mana=56/56 stamina=56/56 dist=95 attackable=false tgtAlive=true
SAMPLE t=200s kills=3 state=2 casting=false cooling=false actionBusy=false mana=56/56 stamina=56/56 dist=66 attackable=false tgtAlive=true
SAMPLE t=220s kills=3 state=2 casting=false cooling=false actionBusy=false mana=56/56 stamina=56/56 dist=54 attackable=false tgtAlive=true
SAMPLE t=240s kills=3 state=2 casting=false cooling=false actionBusy=false mana=56/56 stamina=56/56 dist=77 attackable=false tgtAlive=true
SAMPLE t=260s kills=3 state=2 casting=false cooling=false actionBusy=false mana=56/56 stamina=56/56 dist=85 attackable=false tgtAlive=true
SAMPLE t=280s kills=3 state=2 casting=false cooling=false actionBusy=false mana=56/56 stamina=56/56 dist=140 attackable=false tgtAlive=true
SAMPLE t=300s kills=3 state=2 casting=false cooling=false actionBusy=false mana=56/56 stamina=56/56 dist=58 attackable=false tgtAlive=true
SIM RUN 950: { "run": 950, "kills": 3, "kills_per_hour": 35.9920017773761, "deaths": 0, "efficiency": 1.0, "gold_gained": 450, "levels_gained": 1, &"seek_ticks": 78, &"combat_ticks": 1121, &"loot_ticks": 0, &"no_target_ticks": 0, &"attacks_cast": 88, &"walk_distance": 1203.74809360504, &"secs_per_kill": 100.022222222241, &"attacks_per_kill": 29.3333333333333 }
REALTIME: 36 kills/h vs par 150/h
== RESULT: 561 checks, 0 failures ==
Closed database (/home/thiago/Thiago/Projetos/shambleta/sourceofmana-audit/.test-home/data/Shambleta/testing.db)
WARNING: 1 RID of type "CanvasItem" was leaked.
   at: _free_rids (servers/rendering/renderer_canvas_cull.cpp:2733)
ERROR: 40 RID allocations of type '11NavRegion2D' were leaked at exit.
WARNING: 1008 ObjectDB instances were leaked at exit (run with `--verbose` for details).
   at: cleanup (core/object/object.cpp:2535)
ERROR: 627 resources still in use at exit (run with --verbose for details).
   at: clear (core/io/resource.cpp:822)
EXIT: 0
